------------------------------------------------------------
Timing Analyzer Summary
------------------------------------------------------------

Type  : Slow 1100mV 85C Model Setup 'CLOCK_50'
Slack : -10.171
TNS   : -4817.553

Type  : Slow 1100mV 85C Model Hold 'CLOCK_50'
Slack : 0.449
TNS   : 0.000

Type  : Slow 1100mV 85C Model Recovery 'KEY[0]'
Slack : -4.443
TNS   : -4.443

Type  : Slow 1100mV 85C Model Recovery 'KEY[1]'
Slack : -4.400
TNS   : -4.400

Type  : Slow 1100mV 85C Model Recovery 'SW[9]'
Slack : -4.222
TNS   : -4.222

Type  : Slow 1100mV 85C Model Removal 'SW[9]'
Slack : 0.697
TNS   : 0.000

Type  : Slow 1100mV 85C Model Removal 'KEY[0]'
Slack : 0.980
TNS   : 0.000

Type  : Slow 1100mV 85C Model Removal 'KEY[1]'
Slack : 1.006
TNS   : 0.000

Type  : Slow 1100mV 85C Model Minimum Pulse Width 'SW[9]'
Slack : -0.573
TNS   : -1.111

Type  : Slow 1100mV 85C Model Minimum Pulse Width 'CLOCK_50'
Slack : -0.538
TNS   : -620.908

Type  : Slow 1100mV 85C Model Minimum Pulse Width 'KEY[0]'
Slack : -0.538
TNS   : -1.099

Type  : Slow 1100mV 85C Model Minimum Pulse Width 'KEY[1]'
Slack : -0.538
TNS   : -0.989

Type  : Slow 1100mV 0C Model Setup 'CLOCK_50'
Slack : -10.220
TNS   : -4742.556

Type  : Slow 1100mV 0C Model Hold 'CLOCK_50'
Slack : 0.454
TNS   : 0.000

Type  : Slow 1100mV 0C Model Recovery 'KEY[0]'
Slack : -4.641
TNS   : -4.641

Type  : Slow 1100mV 0C Model Recovery 'KEY[1]'
Slack : -4.620
TNS   : -4.620

Type  : Slow 1100mV 0C Model Recovery 'SW[9]'
Slack : -4.563
TNS   : -4.563

Type  : Slow 1100mV 0C Model Removal 'SW[9]'
Slack : 0.925
TNS   : 0.000

Type  : Slow 1100mV 0C Model Removal 'KEY[0]'
Slack : 1.157
TNS   : 0.000

Type  : Slow 1100mV 0C Model Removal 'KEY[1]'
Slack : 1.191
TNS   : 0.000

Type  : Slow 1100mV 0C Model Minimum Pulse Width 'SW[9]'
Slack : -0.599
TNS   : -1.137

Type  : Slow 1100mV 0C Model Minimum Pulse Width 'CLOCK_50'
Slack : -0.538
TNS   : -549.060

Type  : Slow 1100mV 0C Model Minimum Pulse Width 'KEY[0]'
Slack : -0.538
TNS   : -1.156

Type  : Slow 1100mV 0C Model Minimum Pulse Width 'KEY[1]'
Slack : -0.538
TNS   : -0.996

Type  : Fast 1100mV 85C Model Setup 'CLOCK_50'
Slack : -4.632
TNS   : -2162.574

Type  : Fast 1100mV 85C Model Hold 'CLOCK_50'
Slack : 0.183
TNS   : 0.000

Type  : Fast 1100mV 85C Model Recovery 'SW[9]'
Slack : -1.830
TNS   : -1.830

Type  : Fast 1100mV 85C Model Recovery 'KEY[1]'
Slack : -1.582
TNS   : -1.582

Type  : Fast 1100mV 85C Model Recovery 'KEY[0]'
Slack : -1.555
TNS   : -1.555

Type  : Fast 1100mV 85C Model Removal 'KEY[0]'
Slack : -0.006
TNS   : -0.006

Type  : Fast 1100mV 85C Model Removal 'KEY[1]'
Slack : 0.083
TNS   : 0.000

Type  : Fast 1100mV 85C Model Removal 'SW[9]'
Slack : 0.365
TNS   : 0.000

Type  : Fast 1100mV 85C Model Minimum Pulse Width 'SW[9]'
Slack : -0.695
TNS   : -1.717

Type  : Fast 1100mV 85C Model Minimum Pulse Width 'KEY[1]'
Slack : -0.585
TNS   : -1.688

Type  : Fast 1100mV 85C Model Minimum Pulse Width 'KEY[0]'
Slack : -0.562
TNS   : -1.752

Type  : Fast 1100mV 85C Model Minimum Pulse Width 'CLOCK_50'
Slack : -0.409
TNS   : -319.461

Type  : Fast 1100mV 0C Model Setup 'CLOCK_50'
Slack : -4.130
TNS   : -1883.901

Type  : Fast 1100mV 0C Model Hold 'CLOCK_50'
Slack : 0.164
TNS   : 0.000

Type  : Fast 1100mV 0C Model Recovery 'SW[9]'
Slack : -1.665
TNS   : -1.665

Type  : Fast 1100mV 0C Model Recovery 'KEY[1]'
Slack : -1.377
TNS   : -1.377

Type  : Fast 1100mV 0C Model Recovery 'KEY[0]'
Slack : -1.372
TNS   : -1.372

Type  : Fast 1100mV 0C Model Removal 'KEY[0]'
Slack : -0.012
TNS   : -0.012

Type  : Fast 1100mV 0C Model Removal 'KEY[1]'
Slack : 0.067
TNS   : 0.000

Type  : Fast 1100mV 0C Model Removal 'SW[9]'
Slack : 0.371
TNS   : 0.000

Type  : Fast 1100mV 0C Model Minimum Pulse Width 'SW[9]'
Slack : -0.725
TNS   : -1.926

Type  : Fast 1100mV 0C Model Minimum Pulse Width 'KEY[1]'
Slack : -0.636
TNS   : -1.892

Type  : Fast 1100mV 0C Model Minimum Pulse Width 'KEY[0]'
Slack : -0.611
TNS   : -1.916

Type  : Fast 1100mV 0C Model Minimum Pulse Width 'CLOCK_50'
Slack : -0.446
TNS   : -380.629

------------------------------------------------------------
